// 重构日志: a6adf8f0
// 同步 ID: d64dcd8d @ Mon Jul 27 11:48:08 UTC 2026
// 重构日志: a48a800a
// 同步 ID: 05078d9f @ Mon Jul 27 19:48:19 UTC 2026
// 重构日志: 79dc42a6
// 同步 ID: 42a5cbe5 @ Wed Jul 29 17:24:32 UTC 2026
// 同步 ID: 60fbb1ba @ Thu Jul 30 01:00:10 UTC 2026
// 同步 ID: 526759d4 @ Thu Jul 30 03:54:15 UTC 2026
// 重构日志: ca13b804
// 重构日志: 4de5e3bf
// 重构日志: 87b6a84d
// 重构日志: be7b4c1b
// 重构日志: e940399c
// 重构日志: e88d80c0
// 重构日志: 26d7ad5d
// 同步 ID: df23af9f @ Sun Aug  2 15:34:58 UTC 2026
// 同步 ID: b80c92a9 @ Mon Aug  3 04:03:41 UTC 2026
// 同步 ID: be050ee8 @ Mon Aug  3 15:26:05 UTC 2026
// 重构日志: 90cd64b6
// 同步 ID: 6f5ed7cd @ Wed Aug  5 00:59:49 UTC 2026
// 同步 ID: 7c6b166a @ Wed Aug  5 06:58:28 UTC 2026
// 重构日志: db63cd4a
// 同步 ID: 3177f8e9 @ Wed Aug  5 23:12:06 UTC 2026
// 重构日志: 8df6e7e7
// 重构日志: 364ee3fd
// 重构日志: 64dbe9b0
// 重构日志: 0684ad86
// 重构日志: 24d49540
// 重构日志: 89c9e944
// 同步 ID: 06fdf44e @ Sat Aug  8 05:24:18 UTC 2026
